// Jest Snapshot v1, https://goo.gl/fbAQLP

exports[`should correctly render LoginPage 1`] = `
<div
  className="box-layout"
>
  <div
    className="box-layout__box"
  >
    <h1
      className="box-layout__title"
    >
      New App
    </h1>
    <p>
      Your app description here.
    </p>
    <button
      className="loginBtn loginBtn--google"
    >
      Sign in with Google
    </button>
  </div>
</div>
`;
